### control: the class contains the construction of [BGP26] for R_317
R317       s=1 t=1  k=3  exp=2/1  RESULT SAT
R317       s=1 t=1  k=4  exp=2/1  RESULT SAT
R317       s=2 t=4  k=5  exp=5/2  RESULT SAT
R317       s=2 t=5  k=6  exp=6/2  RESULT UNSAT
R299       s=1 t=1  k=3  exp=2/1  RESULT SAT
R299       s=2 t=4  k=5  exp=5/2  RESULT SAT
R299       s=2 t=5  k=6  exp=6/2  RESULT UNSAT
### complete source (t = k-1): R_{0,1,3,4}, arity 7
R0134      s=2 t=4  k=5  exp=5/2  RESULT SAT
R0134      s=2 t=5  k=6  exp=6/2  UNDECIDED (timeout 300s)
R0134      s=2 t=6  k=7  exp=7/2  RESULT UNSAT
R0134      s=2 t=7  k=8  exp=8/2  RESULT UNSAT
### barriers: no gadget in the class certifies exponent > 2
R181       s=2 t=4  k=5  exp=5/2  RESULT UNSAT
R181       s=2 t=5  k=6  exp=6/2  RESULT UNSAT
R181       s=3 t=6  k=7  exp=7/3  RESULT UNSAT
R181       s=3 t=7  k=8  exp=8/3  RESULT UNSAT
R181       s=3 t=8  k=9  exp=9/3  RESULT UNSAT
R181       s=4 t=8  k=9  exp=9/4  RESULT UNSAT
R181       s=4 t=9  k=10 exp=10/4  RESULT UNSAT
R181       s=4 t=10 k=11 exp=11/4  RESULT UNSAT
R181       s=4 t=11 k=12 exp=12/4  RESULT UNSAT
R181       s=1 t=2  k=3  exp=3/1  RESULT UNSAT
R181       s=1 t=2  k=4  exp=3/1  RESULT UNSAT
R181       s=2 t=4  k=6  exp=5/2  RESULT UNSAT
R181       s=2 t=5  k=7  exp=6/2  RESULT UNSAT
R181       s=3 t=6  k=8  exp=7/3  RESULT UNSAT
R181       s=3 t=7  k=9  exp=8/3  RESULT UNSAT
R181       s=3 t=8  k=10 exp=9/3  RESULT UNSAT
R023       s=2 t=4  k=5  exp=5/2  RESULT UNSAT
R023       s=2 t=5  k=6  exp=6/2  RESULT UNSAT
R023       s=3 t=6  k=7  exp=7/3  RESULT UNSAT
R023       s=3 t=7  k=8  exp=8/3  RESULT UNSAT
R023       s=3 t=8  k=9  exp=9/3  RESULT UNSAT
R023       s=4 t=8  k=9  exp=9/4  RESULT UNSAT
R023       s=4 t=9  k=10 exp=10/4  RESULT UNSAT
R023       s=4 t=10 k=11 exp=11/4  RESULT UNSAT
R023       s=4 t=11 k=12 exp=12/4  RESULT UNSAT
R023       s=1 t=2  k=3  exp=3/1  RESULT UNSAT
R023       s=1 t=2  k=4  exp=3/1  RESULT UNSAT
R023       s=2 t=4  k=6  exp=5/2  RESULT UNSAT
R023       s=2 t=5  k=7  exp=6/2  RESULT UNSAT
R023       s=3 t=6  k=8  exp=7/3  RESULT UNSAT
R023       s=3 t=7  k=9  exp=8/3  RESULT UNSAT
R023       s=3 t=8  k=10 exp=9/3  RESULT UNSAT
R124       s=2 t=4  k=5  exp=5/2  RESULT UNSAT
R124       s=2 t=5  k=6  exp=6/2  RESULT UNSAT
R124       s=3 t=6  k=7  exp=7/3  RESULT UNSAT
R124       s=3 t=7  k=8  exp=8/3  RESULT UNSAT
R124       s=3 t=8  k=9  exp=9/3  RESULT UNSAT
R124       s=4 t=8  k=9  exp=9/4  RESULT UNSAT
R124       s=4 t=9  k=10 exp=10/4  RESULT UNSAT
R124       s=4 t=10 k=11 exp=11/4  RESULT UNSAT
R124       s=4 t=11 k=12 exp=12/4  RESULT UNSAT
R124       s=1 t=2  k=3  exp=3/1  RESULT UNSAT
R124       s=1 t=2  k=4  exp=3/1  RESULT UNSAT
R124       s=2 t=4  k=6  exp=5/2  RESULT UNSAT
R124       s=2 t=5  k=7  exp=6/2  RESULT UNSAT
R124       s=3 t=6  k=8  exp=7/3  RESULT UNSAT
R124       s=3 t=7  k=9  exp=8/3  RESULT UNSAT
R124       s=3 t=8  k=10 exp=9/3  RESULT UNSAT
written to results/barriers.log
