OR2   idx=4 n=8   best=28      levels=1   verified=1
OR2   idx=4 n=9   best=36      levels=1   verified=1
OR3   idx=5 n=8   best=56      levels=1   verified=1
OR2   idx=4 n=10  best=45      levels=1   verified=1
OR2   idx=4 n=11  best=55      levels=1   verified=1
OR3   idx=5 n=9   best=84      levels=1   verified=1
OR2   idx=4 n=12  best=66      levels=1   verified=1
OR3   idx=5 n=10  best=120     levels=1   verified=1
NAE3  idx=3 n=8   best=21      levels=1   verified=1
NAE3  idx=3 n=9   best=28      levels=1   verified=1
OR3   idx=5 n=11  best=165     levels=1   verified=1
NAE3  idx=3 n=10  best=36      levels=1   verified=1
H6a   idx=6 n=8   best=21      levels=1   verified=1
NAE3  idx=3 n=11  best=45      levels=1   verified=1
OR3   idx=5 n=12  best=220     levels=1   verified=1
H6a   idx=6 n=9   best=25      levels=5   verified=1
H7a   idx=7 n=8   best=23      levels=3   verified=1
H7a   idx=7 n=9   best=36      levels=1   verified=1
NAE3  idx=3 n=12  best=55      levels=1   verified=1
H6a   idx=6 n=10  best=27      levels=4   verified=1
H7b   idx=8 n=8   best=17      levels=4   verified=1
H7a   idx=7 n=10  best=36      levels=1   verified=1
H7b   idx=8 n=9   best=28      levels=1   verified=1
H7b   idx=8 n=10  best=30      levels=4   verified=1
H6a   idx=6 n=11  best=32      levels=7   verified=1
G7    idx=2 n=8   best=17      levels=4   verified=1
G7    idx=2 n=9   best=23      levels=2   verified=1
G7    idx=2 n=10  best=26      levels=1   verified=1
H7a   idx=7 n=11  best=37      levels=3   verified=1
H7b   idx=8 n=11  best=35      levels=5   verified=1
G7    idx=2 n=11  best=30      levels=3   verified=1
H6a   idx=6 n=12  best=40      levels=5   verified=1
H7a   idx=7 n=12  best=37      levels=3   verified=1
G7    idx=2 n=12  best=36      levels=4   verified=1
H7b   idx=8 n=12  best=37      levels=5   verified=1
