### width s=2
r=6 W={0,1,3,4} l=2 u=3  s=2 k=5  exp=5/2  RESULT SAT
r=6 W={1,2,4} l=2 u=3  s=2 k=6  exp=6/2  RESULT UNSAT
r=6 W={0,2,3} l=2 u=3  s=2 k=6  exp=6/2  RESULT UNSAT
r=6 W={1,3,4} l=2 u=3  s=2 k=6  exp=6/2  RESULT UNSAT
r=6 W={0,2,3,4} l=3 u=4  s=2 k=8  exp=8/2  RESULT UNSAT
r=6 W={0,1,3,4} l=2 u=3  s=2 k=6  exp=6/2  RESULT UNSAT
r=6 W={0,2,3,4} l=3 u=4  s=2 k=7  exp=7/2  RESULT UNSAT
r=6 W={0,2,3,5} l=2 u=3  s=2 k=6  exp=6/2  RESULT UNSAT
r=6 W={0,2,3,6} l=2 u=3  s=2 k=6  exp=6/2  RESULT UNSAT
r=7 W={0,1,3} l=2 u=3  s=2 k=6  exp=6/2  RESULT UNSAT
r=6 W={1,2,4} l=2 u=3  s=2 k=5  exp=5/2  RESULT UNSAT
r=6 W={0,2,3} l=2 u=3  s=2 k=5  exp=5/2  RESULT UNSAT
r=7 W={0,1,3} l=2 u=3  s=2 k=5  exp=5/2  RESULT UNSAT
r=6 W={0,2,3,6} l=2 u=3  s=2 k=5  exp=5/2  RESULT UNSAT
r=6 W={1,3,4} l=2 u=3  s=2 k=5  exp=5/2  RESULT UNSAT
r=7 W={1,2,4} l=2 u=3  s=2 k=6  exp=6/2  RESULT UNSAT
r=6 W={0,2,3,5} l=2 u=3  s=2 k=5  exp=5/2  RESULT UNSAT
r=7 W={0,1,3,4} l=2 u=4  s=2 k=5  exp=5/2  RESULT SAT
r=7 W={0,2,3} l=2 u=3  s=2 k=6  exp=6/2  RESULT UNSAT
r=7 W={0,1,3,4} l=2 u=4  s=2 k=7  exp=7/2  RESULT UNSAT
r=7 W={0,1,3,4} l=2 u=4  s=2 k=8  exp=8/2  RESULT UNSAT
r=7 W={0,3,4} l=2 u=3  s=2 k=6  exp=6/2  RESULT UNSAT
r=7 W={0,2,3,4} l=3 u=4  s=2 k=8  exp=8/2  RESULT UNSAT
r=7 W={1,3,4} l=2 u=3  s=2 k=6  exp=6/2  RESULT UNSAT
r=7 W={0,1,3,4} l=2 u=4  s=2 k=6  exp=6/2  RESULT UNSAT
r=7 W={0,2,3} l=2 u=3  s=2 k=5  exp=5/2  UNDECIDED(600s)
r=7 W={1,2,4} l=2 u=3  s=2 k=5  exp=5/2  RESULT UNSAT
r=7 W={0,3,4} l=2 u=3  s=2 k=5  exp=5/2  UNDECIDED(600s)
r=7 W={2,3,5} l=2 u=3  s=2 k=6  exp=6/2  RESULT UNSAT
r=7 W={1,2,3,5} l=3 u=4  s=2 k=8  exp=8/2  RESULT UNSAT
r=7 W={1,2,4,5} l=2 u=3  s=2 k=5  exp=5/2  RESULT SAT
r=7 W={1,3,4} l=2 u=3  s=2 k=5  exp=5/2  UNDECIDED(600s)
r=7 W={1,3,4,5} l=3 u=4  s=2 k=8  exp=8/2  RESULT UNSAT
r=7 W={0,2,3,4} l=3 u=4  s=2 k=7  exp=7/2  RESULT UNSAT
r=7 W={0,1,3,4,5} l=3 u=4  s=2 k=8  exp=8/2  RESULT UNSAT
r=7 W={1,2,3,5} l=3 u=4  s=2 k=7  exp=7/2  RESULT UNSAT
r=7 W={2,3,5} l=2 u=3  s=2 k=5  exp=5/2  UNDECIDED(600s)
r=7 W={0,2,3,4,5} l=4 u=5  s=2 k=10 exp=10/2  RESULT UNSAT
r=7 W={0,2,3,4,5} l=4 u=5  s=2 k=9  exp=9/2  RESULT UNSAT
r=7 W={0,1,3,6} l=2 u=3  s=2 k=6  exp=6/2  RESULT UNSAT
r=7 W={0,1,3,6} l=2 u=3  s=2 k=5  exp=5/2  RESULT UNSAT
r=7 W={0,2,3,6} l=2 u=3  s=2 k=6  exp=6/2  RESULT UNSAT
r=7 W={0,2,3,5} l=2 u=3  s=2 k=6  exp=6/2  RESULT UNSAT
r=7 W={1,2,3,6} l=3 u=4  s=2 k=8  exp=8/2  RESULT UNSAT
r=7 W={0,1,4,6} l=2 u=3  s=2 k=6  exp=6/2  RESULT UNSAT
r=7 W={1,2,3,6} l=3 u=4  s=2 k=7  exp=7/2  RESULT UNSAT
r=7 W={0,1,4,6} l=2 u=3  s=2 k=5  exp=5/2  RESULT UNSAT
r=7 W={0,2,3,5} l=2 u=3  s=2 k=5  exp=5/2  UNDECIDED(600s)
r=7 W={1,2,4,5} l=2 u=3  s=2 k=6  exp=6/2  RESULT UNSAT
r=7 W={1,3,4,5} l=3 u=4  s=2 k=7  exp=7/2  RESULT UNSAT
r=7 W={0,3,4,6} l=2 u=3  s=2 k=6  exp=6/2  RESULT UNSAT
r=7 W={0,1,3,4,6} l=3 u=4  s=2 k=8  exp=8/2  RESULT UNSAT
r=7 W={1,2,3,4,6} l=4 u=5  s=2 k=10 exp=10/2  RESULT UNSAT
r=7 W={1,2,3,4,6} l=4 u=5  s=2 k=9  exp=9/2  RESULT UNSAT
r=7 W={0,1,3,4,5} l=3 u=4  s=2 k=7  exp=7/2  RESULT UNSAT
r=7 W={0,2,5,6} l=2 u=3  s=2 k=6  exp=6/2  RESULT UNSAT
r=7 W={0,1,3,4,6} l=3 u=4  s=2 k=7  exp=7/2  RESULT UNSAT
r=7 W={0,3,5,6} l=2 u=3  s=2 k=6  exp=6/2  RESULT UNSAT
r=7 W={1,2,3,5,6} l=3 u=4  s=2 k=8  exp=8/2  RESULT UNSAT
r=7 W={0,2,3,6} l=2 u=3  s=2 k=5  exp=5/2  UNDECIDED(600s)
r=7 W={0,2,3,7} l=2 u=3  s=2 k=6  exp=6/2  RESULT UNSAT
r=7 W={0,2,5,6} l=2 u=3  s=2 k=5  exp=5/2  RESULT UNSAT
r=7 W={0,3,4,6} l=2 u=3  s=2 k=5  exp=5/2  UNDECIDED(600s)
r=7 W={0,1,4,5,7} l=2 u=3  s=2 k=5  exp=5/2  RESULT SAT
r=7 W={0,2,3,4,7} l=3 u=4  s=2 k=8  exp=8/2  RESULT UNSAT
r=7 W={1,3,4,6} l=2 u=3  s=2 k=5  exp=5/2  UNDECIDED(600s)
r=7 W={0,1,3,6,7} l=2 u=3  s=2 k=6  exp=6/2  RESULT UNSAT
r=7 W={0,1,3,6,7} l=2 u=3  s=2 k=5  exp=5/2  RESULT UNSAT
r=7 W={1,2,3,5,6} l=3 u=4  s=2 k=7  exp=7/2  RESULT UNSAT
r=7 W={1,3,4,6} l=2 u=3  s=2 k=6  exp=6/2  RESULT UNSAT
r=7 W={0,1,4,5,7} l=2 u=3  s=2 k=6  exp=6/2  RESULT UNSAT
r=7 W={0,3,5,6} l=2 u=3  s=2 k=5  exp=5/2  UNDECIDED(600s)
r=7 W={0,2,3,7} l=2 u=3  s=2 k=5  exp=5/2  UNDECIDED(600s)
r=7 W={0,2,3,4,7} l=3 u=4  s=2 k=7  exp=7/2  RESULT UNSAT
### width s=3
r=6 W={0,2,3} l=2 u=3  s=3 k=7  exp=7/3  UNDECIDED(900s)
r=6 W={0,2,3} l=2 u=3  s=3 k=8  exp=8/3  RESULT UNSAT
r=6 W={0,2,3} l=2 u=3  s=3 k=9  exp=9/3  RESULT UNSAT
r=6 W={1,2,4} l=2 u=3  s=3 k=7  exp=7/3  UNDECIDED(900s)
r=6 W={1,2,4} l=2 u=3  s=3 k=8  exp=8/3  RESULT UNSAT
r=6 W={1,2,4} l=2 u=3  s=3 k=9  exp=9/3  RESULT UNSAT
r=6 W={0,1,3,4} l=2 u=3  s=3 k=7  exp=7/3  RESULT SAT
r=6 W={1,3,4} l=2 u=3  s=3 k=9  exp=9/3  RESULT UNSAT
r=6 W={0,1,3,4} l=2 u=3  s=3 k=9  exp=9/3  RESULT UNSAT
r=6 W={0,2,3,4} l=3 u=4  s=3 k=11 exp=11/3  RESULT UNSAT
r=6 W={1,3,4} l=2 u=3  s=3 k=8  exp=8/3  RESULT UNSAT
r=6 W={0,2,3,4} l=3 u=4  s=3 k=12 exp=12/3  RESULT UNSAT
r=6 W={0,2,3,5} l=2 u=3  s=3 k=9  exp=9/3  RESULT UNSAT
r=6 W={0,1,3,4} l=2 u=3  s=3 k=8  exp=8/3  RESULT UNSAT
r=6 W={0,2,3,5} l=2 u=3  s=3 k=8  exp=8/3  RESULT UNSAT
r=6 W={0,2,3,6} l=2 u=3  s=3 k=9  exp=9/3  RESULT UNSAT
r=6 W={0,2,3,4} l=3 u=4  s=3 k=10 exp=10/3  RESULT UNSAT
r=6 W={0,2,3,6} l=2 u=3  s=3 k=8  exp=8/3  RESULT UNSAT
r=7 W={0,1,3} l=2 u=3  s=3 k=9  exp=9/3  RESULT UNSAT
r=7 W={0,1,3} l=2 u=3  s=3 k=8  exp=8/3  RESULT UNSAT
r=6 W={1,3,4} l=2 u=3  s=3 k=7  exp=7/3  UNDECIDED(900s)
r=6 W={0,2,3,5} l=2 u=3  s=3 k=7  exp=7/3  UNDECIDED(600s)
r=6 W={0,2,3,6} l=2 u=3  s=3 k=7  exp=7/3  UNDECIDED(600s)
r=7 W={0,1,3} l=2 u=3  s=3 k=7  exp=7/3  UNDECIDED(600s)
r=7 W={0,2,3} l=2 u=3  s=3 k=7  exp=7/3  UNDECIDED(600s)
r=7 W={0,2,3} l=2 u=3  s=3 k=8  exp=8/3  UNDECIDED(600s)
r=7 W={0,2,3} l=2 u=3  s=3 k=9  exp=9/3  RESULT UNSAT
r=7 W={1,2,4} l=2 u=3  s=3 k=7  exp=7/3  UNDECIDED(600s)
r=7 W={1,2,4} l=2 u=3  s=3 k=8  exp=8/3  UNDECIDED(600s)
r=7 W={0,1,3,4} l=2 u=4  s=3 k=7  exp=7/3  RESULT SAT
r=7 W={1,2,4} l=2 u=3  s=3 k=9  exp=9/3  RESULT UNSAT
r=7 W={0,3,4} l=2 u=3  s=3 k=7  exp=7/3  UNDECIDED(600s)
r=7 W={0,3,4} l=2 u=3  s=3 k=8  exp=8/3  UNDECIDED(600s)
r=7 W={0,3,4} l=2 u=3  s=3 k=9  exp=9/3  UNDECIDED(600s)
r=7 W={1,3,4} l=2 u=3  s=3 k=7  exp=7/3  UNDECIDED(600s)
r=7 W={0,1,3,4} l=2 u=4  s=3 k=12 exp=12/3  RESULT UNSAT
r=7 W={1,3,4} l=2 u=3  s=3 k=8  exp=8/3  UNDECIDED(600s)
r=7 W={1,3,4} l=2 u=3  s=3 k=9  exp=9/3  UNDECIDED(600s)
r=7 W={0,1,3,4} l=2 u=4  s=3 k=8  exp=8/3  UNDECIDED(600s)
r=7 W={0,1,3,4} l=2 u=4  s=3 k=9  exp=9/3  UNDECIDED(600s)
r=7 W={0,1,3,4} l=2 u=4  s=3 k=10 exp=10/3  RESULT UNSAT
r=7 W={0,1,3,4} l=2 u=4  s=3 k=11 exp=11/3  RESULT UNSAT
r=7 W={0,2,3,4} l=3 u=4  s=3 k=10 exp=10/3  UNDECIDED(600s)
r=7 W={0,2,3,4} l=3 u=4  s=3 k=11 exp=11/3  UNDECIDED(600s)
r=7 W={2,3,5} l=2 u=3  s=3 k=7  exp=7/3  UNDECIDED(600s)
r=7 W={0,2,3,4} l=3 u=4  s=3 k=12 exp=12/3  RESULT UNSAT
r=7 W={2,3,5} l=2 u=3  s=3 k=8  exp=8/3  UNDECIDED(600s)
r=7 W={1,2,4,5} l=2 u=3  s=3 k=7  exp=7/3  RESULT SAT
r=7 W={1,2,4,5} l=2 u=3  s=3 k=8  exp=8/3  RESULT SAT
r=7 W={2,3,5} l=2 u=3  s=3 k=9  exp=9/3  UNDECIDED(600s)
r=7 W={0,2,3,5} l=2 u=3  s=3 k=7  exp=7/3  UNDECIDED(600s)
r=7 W={0,2,3,5} l=2 u=3  s=3 k=8  exp=8/3  UNDECIDED(600s)
r=7 W={0,2,3,5} l=2 u=3  s=3 k=9  exp=9/3  UNDECIDED(600s)
r=7 W={1,2,3,5} l=3 u=4  s=3 k=10 exp=10/3  UNDECIDED(600s)
r=7 W={1,2,3,5} l=3 u=4  s=3 k=11 exp=11/3  RESULT UNSAT
r=7 W={1,2,3,5} l=3 u=4  s=3 k=12 exp=12/3  RESULT UNSAT
r=7 W={1,2,4,5} l=2 u=3  s=3 k=9  exp=9/3  UNDECIDED(600s)
r=7 W={1,3,4,5} l=3 u=4  s=3 k=10 exp=10/3  UNDECIDED(600s)
r=7 W={1,3,4,5} l=3 u=4  s=3 k=11 exp=11/3  UNDECIDED(600s)
r=7 W={1,3,4,5} l=3 u=4  s=3 k=12 exp=12/3  RESULT UNSAT
r=7 W={0,1,3,6} l=2 u=3  s=3 k=9  exp=9/3  RESULT UNSAT
r=7 W={0,1,3,6} l=2 u=3  s=3 k=8  exp=8/3  RESULT UNSAT
r=7 W={0,1,3,4,5} l=3 u=4  s=3 k=10 exp=10/3  UNDECIDED(600s)
r=7 W={0,1,3,4,5} l=3 u=4  s=3 k=11 exp=11/3  UNDECIDED(600s)
r=7 W={0,1,3,6} l=2 u=3  s=3 k=7  exp=7/3  UNDECIDED(600s)
r=7 W={0,1,3,4,5} l=3 u=4  s=3 k=12 exp=12/3  UNDECIDED(600s)
r=7 W={0,2,3,6} l=2 u=3  s=3 k=7  exp=7/3  UNDECIDED(600s)
r=7 W={0,2,3,6} l=2 u=3  s=3 k=8  exp=8/3  UNDECIDED(600s)
r=7 W={0,2,3,6} l=2 u=3  s=3 k=9  exp=9/3  UNDECIDED(600s)
r=7 W={0,1,4,6} l=2 u=3  s=3 k=9  exp=9/3  RESULT UNSAT
r=7 W={0,1,4,6} l=2 u=3  s=3 k=8  exp=8/3  RESULT UNSAT
r=7 W={1,2,3,6} l=3 u=4  s=3 k=10 exp=10/3  UNDECIDED(600s)
r=7 W={1,2,3,6} l=3 u=4  s=3 k=11 exp=11/3  UNDECIDED(600s)
r=7 W={1,2,3,6} l=3 u=4  s=3 k=12 exp=12/3  RESULT UNSAT
r=7 W={0,1,4,6} l=2 u=3  s=3 k=7  exp=7/3  UNDECIDED(600s)
r=7 W={0,3,4,6} l=2 u=3  s=3 k=7  exp=7/3  UNDECIDED(600s)
r=7 W={0,3,4,6} l=2 u=3  s=3 k=8  exp=8/3  UNDECIDED(600s)
r=7 W={0,3,4,6} l=2 u=3  s=3 k=9  exp=9/3  UNDECIDED(600s)
r=7 W={1,3,4,6} l=2 u=3  s=3 k=7  exp=7/3  UNDECIDED(600s)
r=7 W={1,3,4,6} l=2 u=3  s=3 k=8  exp=8/3  UNDECIDED(600s)
r=7 W={0,1,3,4,6} l=3 u=4  s=3 k=12 exp=12/3  RESULT UNSAT
r=7 W={1,3,4,6} l=2 u=3  s=3 k=9  exp=9/3  UNDECIDED(600s)
r=7 W={0,1,3,4,6} l=3 u=4  s=3 k=10 exp=10/3  UNDECIDED(600s)
r=7 W={0,1,3,4,6} l=3 u=4  s=3 k=11 exp=11/3  RESULT UNSAT
r=7 W={0,2,5,6} l=2 u=3  s=3 k=9  exp=9/3  RESULT UNSAT
r=7 W={0,2,5,6} l=2 u=3  s=3 k=7  exp=7/3  UNDECIDED(600s)
r=7 W={0,2,5,6} l=2 u=3  s=3 k=8  exp=8/3  UNDECIDED(600s)
r=7 W={0,3,5,6} l=2 u=3  s=3 k=7  exp=7/3  UNDECIDED(600s)
r=7 W={0,3,5,6} l=2 u=3  s=3 k=8  exp=8/3  UNDECIDED(600s)
r=7 W={0,3,5,6} l=2 u=3  s=3 k=9  exp=9/3  UNDECIDED(600s)
r=7 W={1,2,3,5,6} l=3 u=4  s=3 k=10 exp=10/3  UNDECIDED(600s)
r=7 W={1,2,3,5,6} l=3 u=4  s=3 k=11 exp=11/3  UNDECIDED(600s)
r=7 W={0,1,4,5,7} l=2 u=3  s=3 k=7  exp=7/3  RESULT SAT
r=7 W={1,2,3,5,6} l=3 u=4  s=3 k=12 exp=12/3  UNDECIDED(600s)
r=7 W={0,2,3,7} l=2 u=3  s=3 k=7  exp=7/3  UNDECIDED(600s)
r=7 W={0,2,3,7} l=2 u=3  s=3 k=8  exp=8/3  UNDECIDED(600s)
r=7 W={0,2,3,7} l=2 u=3  s=3 k=9  exp=9/3  UNDECIDED(600s)
r=7 W={0,2,3,4,7} l=3 u=4  s=3 k=10 exp=10/3  UNDECIDED(600s)
r=7 W={0,2,3,4,7} l=3 u=4  s=3 k=11 exp=11/3  UNDECIDED(600s)
r=7 W={0,1,3,6,7} l=2 u=3  s=3 k=9  exp=9/3  RESULT UNSAT
r=7 W={0,2,3,4,7} l=3 u=4  s=3 k=12 exp=12/3  UNDECIDED(600s)
r=7 W={0,1,4,5,7} l=2 u=3  s=3 k=8  exp=8/3  UNDECIDED(600s)
r=7 W={0,1,3,6,7} l=2 u=3  s=3 k=8  exp=8/3  RESULT UNSAT
r=7 W={0,1,4,5,7} l=2 u=3  s=3 k=9  exp=9/3  UNDECIDED(600s)
r=7 W={0,1,3,6,7} l=2 u=3  s=3 k=7  exp=7/3  UNDECIDED(600s)
=== unresolved sweep complete (deduplicated: 179 unique cells from 291 raw lines) ===
